[  +28 ms] executing: uname -m
[  +12 ms] Exit code 0 from: uname -m
[        ] x86_64
[  +24 ms] Artifact Instance of 'AndroidGenSnapshotArtifacts' is not required, skipping update.
[        ] Artifact Instance of 'AndroidInternalBuildArtifacts' is not required, skipping update.
[        ] Artifact Instance of 'IOSEngineArtifacts' is not required, skipping update.
[        ] Artifact Instance of 'FlutterWebSdk' is not required, skipping update.
[        ] Artifact Instance of 'LegacyCanvasKitRemover' is not required, skipping update.
[   +2 ms] Artifact Instance of 'WindowsEngineArtifacts' is not required, skipping update.
[        ] Artifact Instance of 'MacOSEngineArtifacts' is not required, skipping update.
[        ] Artifact Instance of 'LinuxEngineArtifacts' is not required, skipping update.
[        ] Artifact Instance of 'LinuxFuchsiaSDKArtifacts' is not required, skipping update.
[        ] Artifact Instance of 'MacOSFuchsiaSDKArtifacts' is not required, skipping update.
[        ] Artifact Instance of 'FlutterRunnerSDKArtifacts' is not required, skipping update.
[        ] Artifact Instance of 'FlutterRunnerDebugSymbols' is not required, skipping update.
[  +36 ms] Artifact Instance of 'MaterialFonts' is not required, skipping update.
[        ] Artifact Instance of 'GradleWrapper' is not required, skipping update.
[        ] Artifact Instance of 'AndroidGenSnapshotArtifacts' is not required, skipping update.
[        ] Artifact Instance of 'AndroidInternalBuildArtifacts' is not required, skipping update.
[        ] Artifact Instance of 'IOSEngineArtifacts' is not required, skipping update.
[        ] Artifact Instance of 'FlutterWebSdk' is not required, skipping update.
[        ] Artifact Instance of 'LegacyCanvasKitRemover' is not required, skipping update.
[        ] Artifact Instance of 'FlutterSdk' is not required, skipping update.
[        ] Artifact Instance of 'WindowsEngineArtifacts' is not required, skipping update.
[        ] Artifact Instance of 'MacOSEngineArtifacts' is not required, skipping update.
[        ] Artifact Instance of 'LinuxFuchsiaSDKArtifacts' is not required, skipping update.
[        ] Artifact Instance of 'MacOSFuchsiaSDKArtifacts' is not required, skipping update.
[        ] Artifact Instance of 'FlutterRunnerSDKArtifacts' is not required, skipping update.
[        ] Artifact Instance of 'FlutterRunnerDebugSymbols' is not required, skipping update.
[        ] Artifact Instance of 'IosUsbArtifacts' is not required, skipping update.
[        ] Artifact Instance of 'IosUsbArtifacts' is not required, skipping update.
[        ] Artifact Instance of 'IosUsbArtifacts' is not required, skipping update.
[        ] Artifact Instance of 'IosUsbArtifacts' is not required, skipping update.
[        ] Artifact Instance of 'IosUsbArtifacts' is not required, skipping update.
[        ] Artifact Instance of 'FontSubsetArtifacts' is not required, skipping update.
[        ] Artifact Instance of 'PubDependencies' is not required, skipping update.
[  +46 ms] Skipping pub get: version match.
[  +40 ms] Found plugin flutter_tts at /home/runner/.pub-cache/hosted/pub.dev/flutter_tts-3.8.5/
[  +24 ms] Found plugin path_provider at /home/runner/.pub-cache/hosted/pub.dev/path_provider-2.1.5/
[   +2 ms] Found plugin path_provider_android at /home/runner/.pub-cache/hosted/pub.dev/path_provider_android-2.2.15/
[   +2 ms] Found plugin path_provider_foundation at /home/runner/.pub-cache/hosted/pub.dev/path_provider_foundation-2.4.1/
[   +1 ms] Found plugin path_provider_linux at /home/runner/.pub-cache/hosted/pub.dev/path_provider_linux-2.2.1/
[   +3 ms] Found plugin path_provider_windows at /home/runner/.pub-cache/hosted/pub.dev/path_provider_windows-2.3.0/
[   +4 ms] Found plugin record at /home/runner/.pub-cache/hosted/pub.dev/record-5.2.1/
[   +1 ms] Found plugin record_android at /home/runner/.pub-cache/hosted/pub.dev/record_android-1.5.2/
[   +1 ms] Found plugin record_darwin at /home/runner/.pub-cache/hosted/pub.dev/record_darwin-1.2.2/
[   +1 ms] Found plugin record_linux at /home/runner/.pub-cache/hosted/pub.dev/record_linux-2.1.1/
[   +2 ms] Found plugin record_web at /home/runner/.pub-cache/hosted/pub.dev/record_web-1.1.9/
[   +1 ms] Found plugin record_windows at /home/runner/.pub-cache/hosted/pub.dev/record_windows-2.2.3/
[   +2 ms] Found plugin shared_preferences at /home/runner/.pub-cache/hosted/pub.dev/shared_preferences-2.5.3/
[   +1 ms] Found plugin shared_preferences_android at /home/runner/.pub-cache/hosted/pub.dev/shared_preferences_android-2.4.7/
[   +1 ms] Found plugin shared_preferences_foundation at /home/runner/.pub-cache/hosted/pub.dev/shared_preferences_foundation-2.5.4/
[   +1 ms] Found plugin shared_preferences_linux at /home/runner/.pub-cache/hosted/pub.dev/shared_preferences_linux-2.4.1/
[   +4 ms] Found plugin shared_preferences_web at /home/runner/.pub-cache/hosted/pub.dev/shared_preferences_web-2.4.3/
[   +1 ms] Found plugin shared_preferences_windows at /home/runner/.pub-cache/hosted/pub.dev/shared_preferences_windows-2.4.1/
[  +55 ms] Found plugin flutter_tts at /home/runner/.pub-cache/hosted/pub.dev/flutter_tts-3.8.5/
[  +12 ms] Found plugin path_provider at /home/runner/.pub-cache/hosted/pub.dev/path_provider-2.1.5/
[   +1 ms] Found plugin path_provider_android at /home/runner/.pub-cache/hosted/pub.dev/path_provider_android-2.2.15/
[   +1 ms] Found plugin path_provider_foundation at /home/runner/.pub-cache/hosted/pub.dev/path_provider_foundation-2.4.1/
[   +1 ms] Found plugin path_provider_linux at /home/runner/.pub-cache/hosted/pub.dev/path_provider_linux-2.2.1/
[   +1 ms] Found plugin path_provider_windows at /home/runner/.pub-cache/hosted/pub.dev/path_provider_windows-2.3.0/
[   +2 ms] Found plugin record at /home/runner/.pub-cache/hosted/pub.dev/record-5.2.1/
[   +1 ms] Found plugin record_android at /home/runner/.pub-cache/hosted/pub.dev/record_android-1.5.2/
[        ] Found plugin record_darwin at /home/runner/.pub-cache/hosted/pub.dev/record_darwin-1.2.2/
[   +1 ms] Found plugin record_linux at /home/runner/.pub-cache/hosted/pub.dev/record_linux-2.1.1/
[   +2 ms] Found plugin record_web at /home/runner/.pub-cache/hosted/pub.dev/record_web-1.1.9/
[   +1 ms] Found plugin record_windows at /home/runner/.pub-cache/hosted/pub.dev/record_windows-2.2.3/
[   +1 ms] Found plugin shared_preferences at /home/runner/.pub-cache/hosted/pub.dev/shared_preferences-2.5.3/
[   +1 ms] Found plugin shared_preferences_android at /home/runner/.pub-cache/hosted/pub.dev/shared_preferences_android-2.4.7/
[   +1 ms] Found plugin shared_preferences_foundation at /home/runner/.pub-cache/hosted/pub.dev/shared_preferences_foundation-2.5.4/
[   +1 ms] Found plugin shared_preferences_linux at /home/runner/.pub-cache/hosted/pub.dev/shared_preferences_linux-2.4.1/
[   +1 ms] Found plugin shared_preferences_web at /home/runner/.pub-cache/hosted/pub.dev/shared_preferences_web-2.4.3/
[        ] Found plugin shared_preferences_windows at /home/runner/.pub-cache/hosted/pub.dev/shared_preferences_windows-2.4.1/
[  +67 ms] Building Linux application...
[   +5 ms] executing: [build/linux/x64/release/] cmake -G Ninja -DCMAKE_BUILD_TYPE=Release -DFLUTTER_TARGET_PLATFORM=linux-x64 /home/runner/work/Meka/Meka/Linux APP/linux
[+5993 ms] -- The CXX compiler identification is Clang 14.0.0
[ +181 ms] -- Detecting CXX compiler ABI info
[ +209 ms] -- Detecting CXX compiler ABI info - done
[  +14 ms] -- Check for working CXX compiler: /usr/bin/clang++ - skipped
[   +7 ms] -- Detecting CXX compile features
[   +6 ms] -- Detecting CXX compile features - done
[  +29 ms] CMake Error at flutter/generated_plugins.cmake:16 (target_link_libraries):
[   +1 ms]   Cannot specify link libraries for target "meka_linux" which is not built by
[        ]   this project.
[        ] Call Stack (most recent call first):
[        ]   CMakeLists.txt:20 (include)
[        ] -- Configuring incomplete, errors occurred!
[  +14 ms] Building Linux application... (completed in 6.5s)
[   +1 ms] "flutter linux" took 6,826ms.
[   +4 ms] Unable to generate build files
[        ] 
           #0      throwToolExit (package:flutter_tools/src/base/common.dart:10:3)
           #1      _runCmake (package:flutter_tools/src/linux/build_linux.dart:174:5)
           <asynchronous suspension>
           #2      buildLinux (package:flutter_tools/src/linux/build_linux.dart:81:5)
           <asynchronous suspension>
           #3      BuildLinuxCommand.runCommand (package:flutter_tools/src/commands/build_linux.dart:87:5)
           <asynchronous suspension>
           #4      FlutterCommand.run.<anonymous closure> (package:flutter_tools/src/runner/flutter_command.dart:1408:27)
           <asynchronous suspension>
           #5      AppContext.run.<anonymous closure> (package:flutter_tools/src/base/context.dart:153:19)
           <asynchronous suspension>
           #6      CommandRunner.runCommand (package:args/command_runner.dart:212:13)
           <asynchronous suspension>
           #7      FlutterCommandRunner.runCommand.<anonymous closure> (package:flutter_tools/src/runner/flutter_command_runner.dart:420:9)
           <asynchronous suspension>
           #8      AppContext.run.<anonymous closure> (package:flutter_tools/src/base/context.dart:153:19)
           <asynchronous suspension>
           #9      FlutterCommandRunner.runCommand (package:flutter_tools/src/runner/flutter_command_runner.dart:364:5)
           <asynchronous suspension>
           #10     run.<anonymous closure>.<anonymous closure> (package:flutter_tools/runner.dart:130:9)
           <asynchronous suspension>
           #11     AppContext.run.<anonymous closure> (package:flutter_tools/src/base/context.dart:153:19)
           <asynchronous suspension>
           #12     main (package:flutter_tools/executable.dart:93:3)
           <asynchronous suspension>


[        ] ensureAnalyticsSent: 0ms
[        ] Running 1 shutdown hook
[        ] Shutdown hooks complete
[        ] exiting with code 1
